type=CONFIG_CHANGE msg=audit(1709213597.203:25): op=set audit_backlog_limit=8192 old=64 auid=4294967295 ses=4294967295 subj=unconfined res=1AUID="unset"
type=SYSCALL msg=audit(1709213597.203:25): arch=c000003e syscall=44 success=yes exit=60 a0=3 a1=7fff63e2c580 a2=3c a3=0 items=0 ppid=530 pid=560 auid=4294967295 uid=0 gid=0 euid=0 suid=0 fsuid=0 egid=0 sgid=0 fsgid=0 tty=(none) ses=4294967295 comm="auditctl" exe="/usr/sbin/auditctl" subj=unconfined key=(null)ARCH=x86_64 SYSCALL=sendto AUID="unset" UID="root" GID="root" EUID="root" SUID="root" FSUID="root" EGID="root" SGID="root" FSGID="root"
type=PROCTITLE msg=audit(1709213597.203:25): proctitle=2F7362696E2F617564697463746C002D52002F6574632F61756469742F61756469742E72756C657330
type=CONFIG_CHANGE msg=audit(1709213597.203:26): op=set audit_failure=1 old=1 auid=4294967295 ses=4294967295 subj=unconfined res=1AUID="unset"
type=SYSCALL msg=audit(1709213597.203:26): arch=c000003e syscall=44 success=yes exit=60 a0=3 a1=7fff63e2c580 a2=3c a3=0 items=0 ppid=530 pid=560 auid=4294967295 uid=0 gid=0 euid=0 suid=0 fsuid=0 egid=0 sgid=0 fsgid=0 tty=(none) ses=4294967295 comm="auditctl" exe="/usr/sbin/auditctl" subj=unconfined key=(null)ARCH=x86_64 SYSCALL=sendto AUID="unset" UID="root" GID="root" EUID="root" SUID="root" FSUID="root" EGID="root" SGID="root" FSGID="root"
type=PROCTITLE msg=audit(1709213597.203:26): proctitle=2F7362696E2F617564697463746C002D52002F6574632F61756469742F61756469742E72756C657331
type=CONFIG_CHANGE msg=audit(1709213597.203:27): op=set audit_backlog_wait_time=60000 old=15000 auid=4294967295 ses=4294967295 subj=unconfined res=1AUID="unset"
type=SYSCALL msg=audit(1709213597.203:27): arch=c000003e syscall=44 success=yes exit=60 a0=3 a1=7fff63e2c580 a2=3c a3=0 items=0 ppid=530 pid=560 auid=4294967295 uid=0 gid=0 euid=0 suid=0 fsuid=0 egid=0 sgid=0 fsgid=0 tty=(none) ses=4294967295 comm="auditctl" exe="/usr/sbin/auditctl" subj=unconfined key=(null)ARCH=x86_64 SYSCALL=sendto AUID="unset" UID="root" GID="root" EUID="root" SUID="root" FSUID="root" EGID="root" SGID="root" FSGID="root"
type=PROCTITLE msg=audit(1709213597.203:27): proctitle=2F7362696E2F617564697463746C002D52002F6574632F61756469742F61756469742E72756C657332
